\BOOKMARK [0][-]{section*.2}{\376\377\000I\000n\000e\000s\000t\000a\000b\000i\000l\000i\000d\000a\000d\000,\000\040\000A\000m\000p\000l\000i\000f\000i\000c\000a\000c\000i\000\363\000n\000\040\000d\000e\000\040\000V\000a\000l\000o\000r\000e\000s\000\040\000A\000t\000\355\000p\000i\000c\000o\000s\000\040\000y\000\040\000R\000e\000s\000t\000r\000i\000c\000c\000i\000o\000n\000e\000s\000\040\000d\000e\000\040\000P\000o\000s\000i\000t\000i\000v\000i\000d\000a\000d\000\040\000e\000n\000\040\000C\000o\000m\000p\000u\000t\000a\000c\000i\000\363\000n\000\040\000p\000o\000r\000\040\000R\000e\000s\000e\000r\000v\000o\000r\000i\000o\000\040\000d\000e\000\040\000P\000r\000\363\000x\000i\000m\000a\000\040\000G\000e\000n\000e\000r\000a\000c\000i\000\363\000n}{}% 2
\BOOKMARK [1][-]{section*.1}{\376\377\000A\000b\000s\000t\000r\000a\000c\000t}{section*.2}% 1
\BOOKMARK [1][-]{section*.3}{\376\377\000I\000n\000t\000r\000o\000d\000u\000c\000c\000i\000\363\000n}{section*.2}% 3
\BOOKMARK [1][-]{section*.4}{\376\377\000M\000a\000r\000c\000o\000\040\000M\000a\000t\000e\000m\000\341\000t\000i\000c\000o\000\040\000y\000\040\000M\000e\000c\000a\000n\000i\000s\000m\000o\000s\000\040\000A\000n\000a\000l\000\355\000t\000i\000c\000o\000s}{section*.2}% 4
\BOOKMARK [2][-]{section*.5}{\376\377\000T\000o\000p\000o\000l\000o\000g\000\355\000a\000s\000\040\000d\000e\000\040\000E\000s\000p\000a\000c\000i\000o\000\040\000d\000e\000\040\000C\000a\000r\000a\000c\000t\000e\000r\000\355\000s\000t\000i\000c\000a\000s\000:\000\040\000N\000G\000-\000R\000C\000\040\000v\000s\000.\000\040\000E\000S\000N\000\040\000D\000i\000s\000p\000e\000r\000s\000o}{section*.4}% 5
\BOOKMARK [3][-]{section*.6}{\376\377\000N\000G\000-\000R\000C\000\040\000C\000u\000a\000d\000r\000\341\000t\000i\000c\000o\000\040\000D\000e\000t\000e\000r\000m\000i\000n\000i\000s\000t\000a}{section*.5}% 6
\BOOKMARK [3][-]{section*.7}{\376\377\000A\000r\000q\000u\000i\000t\000e\000c\000t\000u\000r\000a\000\040\000d\000e\000\040\000R\000e\000s\000e\000r\000v\000o\000r\000i\000o\000\040\000R\000e\000c\000u\000r\000r\000e\000n\000t\000e\000\040\000D\000i\000s\000p\000e\000r\000s\000o\000\040\000\050\000E\000S\000N\000\051}{section*.5}% 7
\BOOKMARK [2][-]{section*.8}{\376\377\000T\000e\000o\000r\000e\000m\000a\000\040\000d\000e\000\040\000I\000n\000f\000l\000a\000c\000i\000\363\000n\000\040\000C\000u\000\341\000r\000t\000i\000c\000a\000\040\000d\000e\000\040\000T\000r\000a\000z\000a\000\040\000\050\000E\000s\000c\000a\000l\000a\000m\000i\000e\000n\000t\000o\000\040\000M\0004\000\051}{section*.4}% 8
\BOOKMARK [2][-]{section*.9}{\376\377\000I\000n\000v\000a\000r\000i\000a\000n\000z\000a\000\040\000d\000e\000\040\000A\000u\000t\000o\000v\000e\000c\000t\000o\000r\000e\000s\000\040\000b\000a\000j\000o\000\040\000D\000e\000s\000p\000l\000a\000z\000a\000m\000i\000e\000n\000t\000o\000s\000\040\000E\000s\000p\000e\000c\000t\000r\000a\000l\000e\000s\000\040\000d\000e\000\040\000C\000o\000v\000a\000r\000i\000a\000n\000z\000a}{section*.4}% 9
\BOOKMARK [1][-]{section*.10}{\376\377\000E\000v\000a\000l\000u\000a\000c\000i\000\363\000n\000\040\000D\000i\000n\000\341\000m\000i\000c\000a\000\040\000e\000n\000\040\000L\000o\000r\000e\000n\000z\0006\0003}{section*.2}% 10
\BOOKMARK [2][-]{section*.11}{\376\377\000P\000r\000o\000t\000o\000c\000o\000l\000o\000\040\000E\000x\000p\000e\000r\000i\000m\000e\000n\000t\000a\000l\000\040\000y\000\040\000M\000\351\000t\000o\000d\000o\000s}{section*.10}% 11
\BOOKMARK [2][-]{section*.12}{\376\377\000A\000n\000\341\000l\000i\000s\000i\000s\000\040\000d\000e\000\040\000R\000e\000s\000u\000l\000t\000a\000d\000o\000s\000\040\000y\000\040\000H\000a\000l\000l\000a\000z\000g\000o\000s\000\040\000d\000e\000\040\000A\000b\000l\000a\000c\000i\000\363\000n}{section*.10}% 12
\BOOKMARK [1][-]{section*.13}{\376\377\000R\000e\000s\000t\000r\000i\000c\000c\000i\000o\000n\000e\000s\000\040\000C\000\363\000n\000i\000c\000a\000s\000\040\000e\000n\000\040\000V\000o\000l\000a\000t\000i\000l\000i\000d\000a\000d\000\040\000F\000i\000n\000a\000n\000c\000i\000e\000r\000a\000\040\000R\000e\000a\000l}{section*.2}% 13
\BOOKMARK [2][-]{section*.14}{\376\377\000O\000b\000j\000e\000t\000i\000v\000o\000s\000\040\000c\000o\000n\000\040\000C\000o\000t\000a\000\040\000I\000n\000f\000e\000r\000i\000o\000r\000\040\000y\000\040\000S\000e\000n\000s\000i\000b\000i\000l\000i\000d\000a\000d\000\040\000d\000e\000\040\000P\000\351\000r\000d\000i\000d\000a}{section*.13}% 14
\BOOKMARK [2][-]{section*.15}{\376\377\000C\000o\000n\000o\000s\000\040\000C\000o\000n\000v\000e\000x\000o\000s\000\040\000v\000s\000.\000\040\000M\000o\000n\000o\000m\000i\000o\000s\000\040\000c\000o\000n\000\040\000S\000i\000g\000n\000o}{section*.13}% 15
\BOOKMARK [1][-]{section*.16}{\376\377\000D\000i\000s\000c\000u\000s\000i\000\363\000n\000\040\000y\000\040\000C\000o\000n\000c\000l\000u\000s\000i\000o\000n\000e\000s}{section*.2}% 16
\BOOKMARK [1][-]{section*.17}{\376\377\000M\000a\000t\000e\000r\000i\000a\000l\000\040\000S\000u\000p\000l\000e\000m\000e\000n\000t\000a\000r\000i\000o}{section*.2}% 17
\BOOKMARK [1][-]{section*.18}{\376\377\000D\000e\000c\000l\000a\000r\000a\000c\000i\000o\000n\000e\000s\000\040\000d\000e\000l\000\040\000A\000u\000t\000o\000r}{section*.2}% 18
\BOOKMARK [2][-]{section*.19}{\376\377\000C\000o\000n\000f\000l\000i\000c\000t\000o\000\040\000d\000e\000\040\000I\000n\000t\000e\000r\000e\000s\000e\000s}{section*.18}% 19
\BOOKMARK [2][-]{section*.20}{\376\377\000C\000o\000n\000t\000r\000i\000b\000u\000c\000i\000o\000n\000e\000s\000\040\000d\000e\000l\000\040\000A\000u\000t\000o\000r}{section*.18}% 20
\BOOKMARK [1][-]{section*.21}{\376\377\000D\000e\000c\000l\000a\000r\000a\000c\000i\000\363\000n\000\040\000d\000e\000\040\000D\000i\000s\000p\000o\000n\000i\000b\000i\000l\000i\000d\000a\000d\000\040\000d\000e\000\040\000D\000a\000t\000o\000s}{section*.2}% 21
