This is pdfTeX, Version 3.141592653-2.6-1.40.28 (TeX Live 2025) (preloaded format=pdflatex)
 restricted \write18 enabled.
entering extended mode
(./registro_avance.tex
LaTeX2e <2025-11-01>
L3 programming layer <2025-12-29>
(c:/ProgramData/TinyTeX/texmf-dist/tex/latex/base/article.cls
Document Class: article 2025/01/22 v1.4n Standard LaTeX document class
(c:/ProgramData/TinyTeX/texmf-dist/tex/latex/base/size11.clo)) (c:/ProgramData/TinyTeX/texmf-dist/tex/latex/base/fontenc.sty) (c:/ProgramData/TinyTeX/texmf-dist/tex/latex/base/inputenc.sty) (c:/ProgramData/TinyTeX/texmf-dist/tex/generic/babel/babel.sty (c:/ProgramData/TinyTeX/texmf-dist/tex/generic/babel/txtbabel.def) (c:/ProgramData/TinyTeX/texmf-dist/tex/generic/babel/locale/es/babel-spanish.tex) (c:/ProgramData/TinyTeX/texmf-dist/tex/generic/babel-spanish/spanish.ldf)) (c:/ProgramData/TinyTeX/texmf-local/tex/latex/geometry/geometry.sty (c:/ProgramData/TinyTeX/texmf-dist/tex/latex/graphics/keyval.sty) (c:/ProgramData/TinyTeX/texmf-dist/tex/generic/iftex/ifvtex.sty (c:/ProgramData/TinyTeX/texmf-dist/tex/generic/iftex/iftex.sty))) (c:/ProgramData/TinyTeX/texmf-dist/tex/latex/amsmath/amsmath.sty
For additional information on amsmath, use the `?' option.
(c:/ProgramData/TinyTeX/texmf-dist/tex/latex/amsmath/amstext.sty (c:/ProgramData/TinyTeX/texmf-dist/tex/latex/amsmath/amsgen.sty)) (c:/ProgramData/TinyTeX/texmf-dist/tex/latex/amsmath/amsbsy.sty) (c:/ProgramData/TinyTeX/texmf-dist/tex/latex/amsmath/amsopn.sty)) (c:/ProgramData/TinyTeX/texmf-dist/tex/latex/amsfonts/amssymb.sty (c:/ProgramData/TinyTeX/texmf-dist/tex/latex/amsfonts/amsfonts.sty)) (c:/ProgramData/TinyTeX/texmf-dist/tex/latex/graphics/graphicx.sty (c:/ProgramData/TinyTeX/texmf-dist/tex/latex/graphics/graphics.sty (c:/ProgramData/TinyTeX/texmf-dist/tex/latex/graphics/trig.sty) (c:/ProgramData/TinyTeX/texmf-dist/tex/latex/graphics-cfg/graphics.cfg) (c:/ProgramData/TinyTeX/texmf-dist/tex/latex/graphics-def/pdftex.def))) (c:/ProgramData/TinyTeX/texmf-local/tex/latex/booktabs/booktabs.sty) (c:/ProgramData/TinyTeX/texmf-dist/tex/latex/tools/longtable.sty) (c:/ProgramData/TinyTeX/texmf-dist/tex/latex/url/url.sty) (c:/ProgramData/TinyTeX/texmf-local/tex/latex/xcolor/xcolor.sty (c:/ProgramData/TinyTeX/texmf-dist/tex/latex/graphics-cfg/color.cfg) (c:/ProgramData/TinyTeX/texmf-dist/tex/latex/graphics/mathcolor.ltx)) (c:/ProgramData/TinyTeX/texmf-local/tex/latex/hyperref/hyperref.sty (c:/ProgramData/TinyTeX/texmf-dist/tex/latex/kvsetkeys/kvsetkeys.sty) (c:/ProgramData/TinyTeX/texmf-dist/tex/generic/kvdefinekeys/kvdefinekeys.sty) (c:/ProgramData/TinyTeX/texmf-dist/tex/generic/pdfescape/pdfescape.sty (c:/ProgramData/TinyTeX/texmf-dist/tex/generic/ltxcmds/ltxcmds.sty) (c:/ProgramData/TinyTeX/texmf-dist/tex/generic/pdftexcmds/pdftexcmds.sty (c:/ProgramData/TinyTeX/texmf-dist/tex/generic/infwarerr/infwarerr.sty))) (c:/ProgramData/TinyTeX/texmf-dist/tex/latex/hycolor/hycolor.sty) (c:/ProgramData/TinyTeX/texmf-local/tex/latex/hyperref/nameref.sty (c:/ProgramData/TinyTeX/texmf-dist/tex/latex/refcount/refcount.sty) (c:/ProgramData/TinyTeX/texmf-dist/tex/generic/gettitlestring/gettitlestring.sty (c:/ProgramData/TinyTeX/texmf-dist/tex/latex/kvoptions/kvoptions.sty))) (c:/ProgramData/TinyTeX/texmf-local/tex/latex/etoolbox/etoolbox.sty) (c:/ProgramData/TinyTeX/texmf-dist/tex/generic/stringenc/stringenc.sty) (c:/ProgramData/TinyTeX/texmf-local/tex/latex/hyperref/pd1enc.def) (c:/ProgramData/TinyTeX/texmf-dist/tex/generic/intcalc/intcalc.sty) (c:/ProgramData/TinyTeX/texmf-local/tex/latex/hyperref/puenc.def) (c:/ProgramData/TinyTeX/texmf-dist/tex/generic/bitset/bitset.sty (c:/ProgramData/TinyTeX/texmf-dist/tex/generic/bigintcalc/bigintcalc.sty))) (c:/ProgramData/TinyTeX/texmf-local/tex/latex/hyperref/hpdftex.def (c:/ProgramData/TinyTeX/texmf-dist/tex/latex/rerunfilecheck/rerunfilecheck.sty (c:/ProgramData/TinyTeX/texmf-dist/tex/generic/uniquecounter/uniquecounter.sty))) (c:/ProgramData/TinyTeX/texmf-dist/tex/latex/caption/caption.sty (c:/ProgramData/TinyTeX/texmf-dist/tex/latex/caption/caption3.sty) (c:/ProgramData/TinyTeX/texmf-dist/tex/latex/caption/ltcaption.sty)) (c:/ProgramData/TinyTeX/texmf-dist/tex/latex/float/float.sty) (c:/ProgramData/TinyTeX/texmf-dist/tex/latex/l3backend/l3backend-pdftex.def) (./registro_avance.aux)
*geometry* driver: auto-detecting
*geometry* detected driver: pdftex
(c:/ProgramData/TinyTeX/texmf-dist/tex/latex/epstopdf-pkg/epstopdf-base.sty (c:/ProgramData/TinyTeX/texmf-dist/tex/latex/latexconfig/epstopdf-sys.cfg)) (./registro_avance.out) (./registro_avance.out
! I can't write on file `registro_avance.pdf'.
(Press Enter to retry, or Control-Z to exit; default file extension is `.pdf')
Please type another file name for output
! Emergency stop.
\Hy@OutlineName ...utline goto name{#2}count#3{#4}
                                                  
l.1 ...0t\000i\000g\000a\000c\000i\000\363\000n}{}
                                                  % 1
!  ==> Fatal error occurred, no output PDF file produced!
Transcript written on registro_avance.log.
